// Jest Snapshot v1, https://goo.gl/fbAQLP

exports[`<Header> should render component Header 1`] = `
<header>
  <div>
    <div />
    <nav />
  </div>
</header>
`;
