// Jest Snapshot v1, https://goo.gl/fbAQLP

exports[`<PostCard> should render component 1`] = `
<div>
  <h3 />
  <p />
  <div>
    <span>
      0
    </span>
  </div>
</div>
`;
