// Jest Snapshot v1, https://goo.gl/fbAQLP

exports[`<Footer> should render component Footer 1`] = `
<footer>
  This is footer. Yeah!
</footer>
`;
